[33mΓ¥»[39m Building...
[32mΓ£ö[39m Building...
Application bundle generation failed. [5.753 seconds]

node.exe : 
[1m[33m[33mΓû▓ [43;
33m[[43;30mWARNING[43
;33m][0m 
[1mTS-998113: 
CategoryFilterPipe is 
not used within the 
template of ProductList
Component[0m 
[1m[35m[plugin 
angular-compiler][0m
At line:1 char:1
+ & "C:\Program 
Files\nodejs/node.exe" 
"C:\Program 
Files\nodejs/node_mo 
...
+ ~~~~~~~~~~~~~~~~~~~~~
~~~~~~~~~~~~~~~~~~~~~~~
~~~~~~~~~~~~~~~~~~~~~~~
~~
    + CategoryInfo     
         : NotSpecifi  
  ed: ([1m[33m[33   
 mΓ...r-compiler][    
0m:String) [], Rem    
oteException
    + FullyQualifiedEr 
   rorId : NativeComm  
  andError
 

    src/app/components/
product-list/product-li
st.component.ts:31:4:
[37m      31 Γöé     
[32mCategoryFilterPipe
[37m, PriceRangePipe, 
StockFilterPipe,
         Γò╡     [32m~
~~~~~~~~~~~~~~~~~[0m


[33mΓû▓ [43;33m[[43;
30mWARNING[43;33m][0m
 [1mTS-998113: 
PriceRangePipe is not 
used within the 
template of ProductList
Component[0m 
[1m[35m[plugin 
angular-compiler][0m

    src/app/components/
product-list/product-li
st.component.ts:31:24:
[37m      31 Γöé     
CategoryFilterPipe, [3
2mPriceRangePipe[37m, 
StockFilterPipe,
         Γò╡           
              
[32m~~~~~~~~~~~~~~[0m


[33mΓû▓ [43;33m[[43;
30mWARNING[43;33m][0m
 [1mTS-998113: 
StockFilterPipe is not 
used within the 
template of ProductList
Component[0m 
[1m[35m[plugin 
angular-compiler][0m

    src/app/components/
product-list/product-li
st.component.ts:31:40:
[37m      31 Γöé     
CategoryFilterPipe, 
PriceRangePipe, [32mSt
ockFilterPipe[37m,
         Γò╡           
                       
       [32m~~~~~~~~~~~
~~~~[0m

[39m[22m
[1m[31m[31mX [41;31
m[[41;97mERROR[41;31m
][0m [1mCould not 
resolve "@angular/anima
tions/browser"[0m

    node_modules/@angul
ar/platform-browser/fes
m2022/animations/async.
mjs:54:53:
[37m      54 Γöé 
....moduleImpl ?? impor
t([32m'@angular/animat
ions/browser'[37m).the
n(m => m);
         Γò╡           
               [32m~~~
~~~~~~~~~~~~~~~~~~~~~~~
~~~[0m

  You can mark the 
path "@angular/animatio
ns/browser" as 
external to exclude it 
from the bundle, which 
will remove this error 
and leave the 
unresolved path in the 
bundle. You can also 
add ".catch()" here to 
handle this failure at 
run-time instead of 
bundle-time.


[31mX [41;31m[[41;97
mERROR[41;31m][0m 
[1mTS2307: Cannot 
find module '../../../s
ervices/product.service
' or its corresponding 
type declarations.[0m 
[1m[35m[plugin 
angular-compiler][0m

    src/app/admin/admin
-dashboard/admin-dashbo
ard.component.ts:16:31:
[37m      16 Γöé 
import { 
ProductService } from 
[32m'../../../services/
product.service'[37m;
         Γò╡           
                     [
32m~~~~~~~~~~~~~~~~~~~~
~~~~~~~~~~~~~~~[0m


[31mX [41;31m[[41;97
mERROR[41;31m][0m 
[1mTS2307: Cannot 
find module '../../../s
ervices/order.service' 
or its corresponding 
type declarations.[0m 
[1m[35m[plugin 
angular-compiler][0m

    src/app/admin/admin
-dashboard/admin-dashbo
ard.component.ts:17:29:
[37m      17 Γöé 
import { OrderService 
} from [32m'../../../s
ervices/order.service'
[37m;
         Γò╡           
                   [32
m~~~~~~~~~~~~~~~~~~~~~~
~~~~~~~~~~~[0m


[31mX [41;31m[[41;97
mERROR[41;31m][0m 
[1mTS2307: Cannot 
find module '../../../m
odels/product.model' 
or its corresponding 
type declarations.[0m 
[1m[35m[plugin 
angular-compiler][0m

    src/app/admin/admin
-dashboard/admin-dashbo
ard.component.ts:18:24:
[37m      18 Γöé 
import { Product } 
from [32m'../../../mod
els/product.model'[37m
;
         Γò╡           
              [32m~~~~
~~~~~~~~~~~~~~~~~~~~~~~
~~~~[0m


[31mX [41;31m[[41;97
mERROR[41;31m][0m 
[1mTS2307: Cannot 
find module '../../../m
odels/category.model' 
or its corresponding 
type declarations.[0m 
[1m[35m[plugin 
angular-compiler][0m

    src/app/admin/admin
-dashboard/admin-dashbo
ard.component.ts:19:25:
[37m      19 Γöé 
import { Category } 
from [32m'../../../mod
els/category.model'[37
m;
         Γò╡           
               [32m~~~
~~~~~~~~~~~~~~~~~~~~~~~
~~~~~~[0m


[31mX [41;31m[[41;97
mERROR[41;31m][0m 
[1mTS2307: Cannot 
find module '../../../m
odels/order.model' or 
its corresponding type 
declarations.[0m 
[1m[35m[plugin 
angular-compiler][0m

    src/app/admin/admin
-dashboard/admin-dashbo
ard.component.ts:20:22:
[37m      20 Γöé 
import { Order } from 
[32m'../../../models/or
der.model'[37m;
         Γò╡           
            [32m~~~~~~
~~~~~~~~~~~~~~~~~~~~~~~
[0m


[31mX [41;31m[[41;97
mERROR[41;31m][0m 
[1mTS-992003: No 
suitable injection 
token for parameter 
'productService' of 
class 'AdminDashboardCo
mponent'.
  Consider using the 
@Inject decorator to 
specify an injection 
token.[0m 
[1m[35m[plugin 
angular-compiler][0m

    src/app/admin/admin
-dashboard/admin-dashbo
ard.component.ts:54:12:
[37m      54 Γöé     
private [32mproductSer
vice[37m: 
ProductService,
         Γò╡           
  
[32m~~~~~~~~~~~~~~[0m

  This type does not 
have a value, so it 
cannot be used as 
injection token.

    src/app/admin/admin
-dashboard/admin-dashbo
ard.component.ts:54:28:
[37m      54 Γöé     
private 
productService: [32mPr
oductService[37m,
         Γò╡           
                  
[32m~~~~~~~~~~~~~~[0m

[39m[22m
