[33mΓ¥»[39m Building...
[32mΓ£ö[39m Building...
Application bundle generation failed. [4.959 seconds]

node.exe : 
[1m[31m[31mX [41;31
m[[41;97mERROR[41;31m
][0m [1mNG8001: 
'mat-icon' is not a 
known element:
At C:\Users\tombo\npm\n
g.ps1:24 char:5
+     & "node$exe"  "$b
asedir/node_modules/@an
gular/cli/bin/ng.js" 
$arg ...
+     ~~~~~~~~~~~~~~~~~
~~~~~~~~~~~~~~~~~~~~~~~
~~~~~~~~~~~~~~~~~~~~~~~
~~
    + CategoryInfo     
         : 
NotSpecified: ([1    
m[31m[31mX... known  
   element::String) 
[], R    emoteException
    + 
FullyQualifiedErrorI   
 d : NativeCommandError
 
1. If 'mat-icon' is an 
Angular component, 
then verify that it is 
included in the 
'@Component.imports' 
of this component.
2. If 'mat-icon' is a 
Web Component then add 
'CUSTOM_ELEMENTS_SCHEMA
' to the 
'@Component.schemas' 
of this component to 
suppress this 
message.[0m 
[1m[35m[plugin 
angular-compiler][0m

    src/app/components/
home/home.component.ts:
25:6:
[37m      25 Γöé      
 [32m<mat-icon fill>[
37mwarning</mat-icon> 
Warning
         Γò╡       [32
m~~~~~~~~~~~~~~~[0m

[39m[22m
